Testing models with API Key: AIzaS...

Testing gemini-1.5-flash...
FAILED: gemini-1.5-flash
Error: 404 models/gemini-1.5-flash is not found for API version v1beta, or is not supported for generateContent. Call ListModels to see the list of available models and their supported methods.

Testing gemini-1.5-pro...
FAILED: gemini-1.5-pro
Error: 404 models/gemini-1.5-pro is not found for API version v1beta, or is not supported for generateContent. Call ListModels to see the list of available models and their supported methods.

Testing gemini-pro...
FAILED: gemini-pro
Error: 404 models/gemini-pro is not found for API version v1beta, or is not supported for generateContent. Call ListModels to see the list of available models and their supported methods.

Testing gemini-1.0-pro...
FAILED: gemini-1.0-pro
Error: 404 models/gemini-1.0-pro is not found for API version v1beta, or is not supported for generateContent. Call ListModels to see the list of available models and their supported methods.

Testing models/gemini-1.5-flash...
FAILED: models/gemini-1.5-flash
Error: 404 models/gemini-1.5-flash is not found for API version v1beta, or is not supported for generateContent. Call ListModels to see the list of available models and their supported methods.

Testing models/gemini-pro...
FAILED: models/gemini-pro
Error: 404 models/gemini-pro is not found for API version v1beta, or is not supported for generateContent. Call ListModels to see the list of available models and their supported methods.
